     1                                  isr0:
     2 00000000 60                      	pusha
     3                                  	
     4 00000001 8D05[15000000]          	lea eax, [isr0_msg]
     5 00000007 50                      	push eax
     6                                  	call print
     7          ******************       error: symbol `print' undefined
     8 00000008 81C404000000            	add esp, 4
     9                                  	
    10 0000000E 61                      	popa
    11 0000000F CF                      	iret
    12 00000010 495352203000            isr0_msg: db	"ISR 0",0	
    13                                  isr1:
    14 00000016 60                      	pusha
    15                                  	
    16 00000017 8D05[30000000]          	lea eax, [isr1_msg]
    17 0000001D 50                      	push eax
    18                                  	call print
    19          ******************       error: symbol `print' undefined
    20 0000001E 81C404000000            	add esp, 4
    21                                  	
    22 00000024 61                      	popa
    23 00000025 CF                      	iret
    24 00000026 495352203100            isr1_msg: db	"ISR 1",0
    25                                  isr2:
    26 0000002C 60                      	pusha
    27                                  	
    28 0000002D 8D05[4B000000]          	lea eax, [isr2_msg]
    29 00000033 50                      	push eax
    30                                  	call print
    31          ******************       error: symbol `print' undefined
    32 00000034 81C404000000            	add esp, 4
    33                                  	
    34 0000003A 61                      	popa
    35 0000003B CF                      	iret
    36 0000003C 495352203200            isr2_msg: db	"ISR 2",0
    37                                  isr3:
    38 00000042 60                      	pusha
    39                                  	
    40 00000043 8D05[66000000]          	lea eax, [isr3_msg]
    41 00000049 50                      	push eax
    42                                  	call print
    43          ******************       error: symbol `print' undefined
    44 0000004A 81C404000000            	add esp, 4
    45                                  	
    46 00000050 61                      	popa
    47 00000051 CF                      	iret
    48 00000052 495352203300            isr3_msg: db	"ISR 3",0
    49                                  isr4:
    50 00000058 60                      	pusha
    51                                  	
    52 00000059 8D05[81000000]          	lea eax, [isr4_msg]
    53 0000005F 50                      	push eax
    54                                  	call print
    55          ******************       error: symbol `print' undefined
    56 00000060 81C404000000            	add esp, 4
    57                                  	
    58 00000066 61                      	popa
    59 00000067 CF                      	iret
    60 00000068 495352203400            isr4_msg: db	"ISR 4",0
    61                                  isr5:
    62 0000006E 60                      	pusha
    63                                  	
    64 0000006F 8D05[9C000000]          	lea eax, [isr5_msg]
    65 00000075 50                      	push eax
    66                                  	call print
    67          ******************       error: symbol `print' undefined
    68 00000076 81C404000000            	add esp, 4
    69                                  	
    70 0000007C 61                      	popa
    71 0000007D CF                      	iret
    72 0000007E 495352203500            isr5_msg: db	"ISR 5",0
    73                                  isr6:
    74 00000084 60                      	pusha
    75                                  	
    76 00000085 8D05[B7000000]          	lea eax, [isr6_msg]
    77 0000008B 50                      	push eax
    78                                  	call print
    79          ******************       error: symbol `print' undefined
    80 0000008C 81C404000000            	add esp, 4
    81                                  	
    82 00000092 61                      	popa
    83 00000093 CF                      	iret
    84 00000094 495352203600            isr6_msg: db	"ISR 6",0
    85                                  
    86                                  isr7:
    87 0000009A 60                      	pusha
    88                                  	
    89 0000009B 8D05[D2000000]          	lea eax, [isr7_msg]
    90 000000A1 50                      	push eax
    91                                  	call print
    92          ******************       error: symbol `print' undefined
    93 000000A2 81C404000000            	add esp, 4
    94                                  	
    95 000000A8 61                      	popa
    96 000000A9 CF                      	iret
    97 000000AA 495352203700            isr7_msg: db	"ISR 7",0
    98                                  isr8:
    99 000000B0 60                      	pusha
   100                                  	
   101 000000B1 8D05[ED000000]          	lea eax, [isr8_msg]
   102 000000B7 50                      	push eax
   103                                  	call print
   104          ******************       error: symbol `print' undefined
   105 000000B8 81C404000000            	add esp, 4
   106                                  	
   107 000000BE 61                      	popa
   108 000000BF CF                      	iret
   109 000000C0 495352203800            isr8_msg: db	"ISR 8",0
   110                                  isr9:
   111 000000C6 60                      	pusha
   112                                  	
   113 000000C7 8D05[08010000]          	lea eax, [isr9_msg]
   114 000000CD 50                      	push eax
   115                                  	call print
   116          ******************       error: symbol `print' undefined
   117 000000CE 81C404000000            	add esp, 4
   118                                  	
   119 000000D4 61                      	popa
   120 000000D5 CF                      	iret
   121                                  
   122 000000D6 495352203900            isr9_msg: db	"ISR 9",0
   123                                  isr10:
   124 000000DC 60                      	pusha
   125                                  	
   126 000000DD 8D05[23010000]          	lea eax, [isr10_msg]
   127 000000E3 50                      	push eax
   128                                  	call print
   129          ******************       error: symbol `print' undefined
   130 000000E4 81C404000000            	add esp, 4
   131                                  	
   132 000000EA 61                      	popa
   133 000000EB CF                      	iret
   134                                  
   135 000000EC 49535220313000          isr10_msg: db	"ISR 10",0
   136                                  isr11:
   137 000000F3 60                      	pusha
   138                                  	
   139 000000F4 8D05[3F010000]          	lea eax, [isr11_msg]
   140 000000FA 50                      	push eax
   141                                  	call print
   142          ******************       error: symbol `print' undefined
   143 000000FB 81C404000000            	add esp, 4
   144                                  	
   145 00000101 61                      	popa
   146 00000102 CF                      	iret
   147 00000103 49535220313100          isr11_msg: db	"ISR 11",0
   148                                  isr12:
   149 0000010A 60                      	pusha
   150                                  	
   151 0000010B 8D05[5B010000]          	lea eax, [isr12_msg]
   152 00000111 50                      	push eax
   153                                  	call print
   154          ******************       error: symbol `print' undefined
   155 00000112 81C404000000            	add esp, 4
   156                                  	
   157 00000118 61                      	popa
   158 00000119 CF                      	iret
   159                                  
   160 0000011A 49535220313200          isr12_msg: db	"ISR 12",0
   161                                  isr13:
   162 00000121 60                      	pusha	
   163 00000122 8D05[77010000]          	lea eax, [isr13_msg]
   164 00000128 50                      	push eax
   165                                   	call print
   166          ******************       error: symbol `print' undefined
   167 00000129 81C404000000            	add esp, 4
   168 0000012F 61                      	popa
   169 00000130 CF                      	iret
   170 00000131 49535220313300          isr13_msg: db	"ISR 13",0
   171                                  isr14:
   172 00000138 60                      	pusha
   173                                  	
   174 00000139 8D05[93010000]          	lea eax, [isr14_msg]
   175 0000013F 50                      	push eax
   176                                  	call print
   177          ******************       error: symbol `print' undefined
   178 00000140 81C404000000            	add esp, 4
   179                                  	
   180 00000146 61                      	popa
   181 00000147 CF                      	iret
   182                                  
   183 00000148 49535220313400          isr14_msg: db	"ISR 14",0
   184                                  isr15:
   185 0000014F 60                      	pusha
   186                                  	
   187 00000150 8D05[AF010000]          	lea eax, [isr15_msg]
   188 00000156 50                      	push eax
   189                                  	call print
   190          ******************       error: symbol `print' undefined
   191 00000157 81C404000000            	add esp, 4
   192                                  	
   193 0000015D 61                      	popa
   194 0000015E CF                      	iret
   195                                  
   196 0000015F 49535220313500          isr15_msg: db	"ISR 15",0
   197                                  isr32:
   198 00000166 60                      	pusha
   199                                  	
   200 00000167 8D05[CB010000]          	lea eax, [isr32_msg]
   201 0000016D 50                      	push eax
   202                                  	call print
   203          ******************       error: symbol `print' undefined
   204 0000016E 81C404000000            	add esp, 4
   205                                  	
   206 00000174 61                      	popa
   207 00000175 CF                      	iret
   208                                  
   209 00000176 49535220333200          isr32_msg: db	"ISR 32",0
   210                                  
   211                                  
   212                                  
   213                                  
